[2026-06-30T14:46:49.0071230-05:00] game forum startup
Microsoft.Playwright.PlaywrightException: Driver not found: C:\repos\player-assistant\.playwright\node\win32_x64\node.exe
   at Microsoft.Playwright.Helpers.Driver.GetExecutablePath() in /_/src/Playwright/Helpers/Driver.cs:line 96
   at Microsoft.Playwright.Transport.StdIOTransport.GetProcess(String driverArgs) in /_/src/Playwright/Transport/StdIOTransport.cs:line 109
   at Microsoft.Playwright.Transport.StdIOTransport..ctor() in /_/src/Playwright/Transport/StdIOTransport.cs:line 45
   at Microsoft.Playwright.Playwright.CreateAsync() in /_/src/Playwright/Playwright.cs:line 42
   at PlayerAssistant.RpolAuthUtility.WaitForPlaywrightAsync[T](Task`1 task, String operationDescription, CancellationToken cancellationToken)
   at PlayerAssistant.RpolAuthUtility.CreateAuthenticatedSessionAsync(CancellationToken cancellationToken)
   at PlayerAssistant.RpolAuthUtility.GetAuthenticatedContextAsync(CancellationToken cancellationToken)
   at PlayerAssistant.RpolAuthUtility.GetHtmlFromUrlAsync(Uri uri, CancellationToken cancellationToken)
   at PlayerAssistant.HtmlUtility.GetHtmlFromUrlAsync(Uri uri, CancellationToken cancellationToken)
   at PlayerAssistant.HtmlUtility.GetHyperlinksFromUrlAsync(Uri uri, CancellationToken cancellationToken)
   at PlayerAssistant.HtmlUtility.GetHyperlinksFromUrlAsync(String url, CancellationToken cancellationToken)
   at PlayerAssistant.Form1.LoadGameForumChapterPrefixesAsync()
[2026-06-30T14:46:49.0922504-05:00] keyword crawler
Microsoft.Playwright.PlaywrightException: Driver not found: C:\repos\player-assistant\.playwright\node\win32_x64\node.exe
   at Microsoft.Playwright.Helpers.Driver.GetExecutablePath() in /_/src/Playwright/Helpers/Driver.cs:line 96
   at Microsoft.Playwright.Transport.StdIOTransport.GetProcess(String driverArgs) in /_/src/Playwright/Transport/StdIOTransport.cs:line 109
   at Microsoft.Playwright.Transport.StdIOTransport..ctor() in /_/src/Playwright/Transport/StdIOTransport.cs:line 45
   at Microsoft.Playwright.Playwright.CreateAsync() in /_/src/Playwright/Playwright.cs:line 42
   at PlayerAssistant.RpolAuthUtility.WaitForPlaywrightAsync[T](Task`1 task, String operationDescription, CancellationToken cancellationToken)
   at PlayerAssistant.RpolAuthUtility.CreateAuthenticatedSessionAsync(CancellationToken cancellationToken)
   at PlayerAssistant.RpolAuthUtility.GetAuthenticatedContextAsync(CancellationToken cancellationToken)
   at PlayerAssistant.RpolAuthUtility.GetHtmlFromUrlAsync(Uri uri, CancellationToken cancellationToken)
   at PlayerAssistant.HtmlUtility.GetHtmlFromUrlAsync(Uri uri, CancellationToken cancellationToken)
   at PlayerAssistant.HtmlUtility.GetHyperlinksFromUrlAsync(Uri uri, CancellationToken cancellationToken)
   at PlayerAssistant.HtmlUtility.GetHyperlinksFromUrlAsync(String url, CancellationToken cancellationToken)
   at PlayerAssistant.KeywordIndexCrawler.DiscoverRpolUrlsAsync(CancellationToken cancellationToken)
   at PlayerAssistant.KeywordIndexCrawler.BuildIndexAsync(IProgress`1 progress, CancellationToken cancellationToken)
   at PlayerAssistant.Form1.<>c__DisplayClass108_0.<<StartKeywordIndexCrawler>b__0>d.MoveNext()
[2026-06-30T14:57:21.5023916-05:00] game forum startup
Microsoft.Playwright.PlaywrightException: Driver not found: C:\repos\player-assistant\.playwright\node\win32_x64\node.exe
   at Microsoft.Playwright.Helpers.Driver.GetExecutablePath() in /_/src/Playwright/Helpers/Driver.cs:line 96
   at Microsoft.Playwright.Transport.StdIOTransport.GetProcess(String driverArgs) in /_/src/Playwright/Transport/StdIOTransport.cs:line 109
   at Microsoft.Playwright.Transport.StdIOTransport..ctor() in /_/src/Playwright/Transport/StdIOTransport.cs:line 45
   at Microsoft.Playwright.Playwright.CreateAsync() in /_/src/Playwright/Playwright.cs:line 42
   at PlayerAssistant.RpolAuthUtility.WaitForPlaywrightAsync[T](Task`1 task, String operationDescription, CancellationToken cancellationToken)
   at PlayerAssistant.RpolAuthUtility.CreateAuthenticatedSessionAsync(CancellationToken cancellationToken)
   at PlayerAssistant.RpolAuthUtility.GetAuthenticatedContextAsync(CancellationToken cancellationToken)
   at PlayerAssistant.RpolAuthUtility.GetHtmlFromUrlAsync(Uri uri, CancellationToken cancellationToken)
   at PlayerAssistant.HtmlUtility.GetHtmlFromUrlAsync(Uri uri, CancellationToken cancellationToken)
   at PlayerAssistant.HtmlUtility.GetHyperlinksFromUrlAsync(Uri uri, CancellationToken cancellationToken)
   at PlayerAssistant.HtmlUtility.GetHyperlinksFromUrlAsync(String url, CancellationToken cancellationToken)
   at PlayerAssistant.Form1.LoadGameForumChapterPrefixesAsync()
[2026-06-30T14:57:21.5886962-05:00] keyword crawler
Microsoft.Playwright.PlaywrightException: Driver not found: C:\repos\player-assistant\.playwright\node\win32_x64\node.exe
   at Microsoft.Playwright.Helpers.Driver.GetExecutablePath() in /_/src/Playwright/Helpers/Driver.cs:line 96
   at Microsoft.Playwright.Transport.StdIOTransport.GetProcess(String driverArgs) in /_/src/Playwright/Transport/StdIOTransport.cs:line 109
   at Microsoft.Playwright.Transport.StdIOTransport..ctor() in /_/src/Playwright/Transport/StdIOTransport.cs:line 45
   at Microsoft.Playwright.Playwright.CreateAsync() in /_/src/Playwright/Playwright.cs:line 42
   at PlayerAssistant.RpolAuthUtility.WaitForPlaywrightAsync[T](Task`1 task, String operationDescription, CancellationToken cancellationToken)
   at PlayerAssistant.RpolAuthUtility.CreateAuthenticatedSessionAsync(CancellationToken cancellationToken)
   at PlayerAssistant.RpolAuthUtility.GetAuthenticatedContextAsync(CancellationToken cancellationToken)
   at PlayerAssistant.RpolAuthUtility.GetHtmlFromUrlAsync(Uri uri, CancellationToken cancellationToken)
   at PlayerAssistant.HtmlUtility.GetHtmlFromUrlAsync(Uri uri, CancellationToken cancellationToken)
   at PlayerAssistant.HtmlUtility.GetHyperlinksFromUrlAsync(Uri uri, CancellationToken cancellationToken)
   at PlayerAssistant.HtmlUtility.GetHyperlinksFromUrlAsync(String url, CancellationToken cancellationToken)
   at PlayerAssistant.KeywordIndexCrawler.DiscoverRpolUrlsAsync(CancellationToken cancellationToken)
   at PlayerAssistant.KeywordIndexCrawler.BuildIndexAsync(IProgress`1 progress, CancellationToken cancellationToken)
   at PlayerAssistant.Form1.<>c__DisplayClass108_0.<<StartKeywordIndexCrawler>b__0>d.MoveNext()
[2026-06-30T14:58:53.5847020-05:00] game forum startup
Microsoft.Playwright.PlaywrightException: Driver not found: C:\repos\player-assistant\.playwright\node\win32_x64\node.exe
   at Microsoft.Playwright.Helpers.Driver.GetExecutablePath() in /_/src/Playwright/Helpers/Driver.cs:line 96
   at Microsoft.Playwright.Transport.StdIOTransport.GetProcess(String driverArgs) in /_/src/Playwright/Transport/StdIOTransport.cs:line 109
   at Microsoft.Playwright.Transport.StdIOTransport..ctor() in /_/src/Playwright/Transport/StdIOTransport.cs:line 45
   at Microsoft.Playwright.Playwright.CreateAsync() in /_/src/Playwright/Playwright.cs:line 42
   at PlayerAssistant.RpolAuthUtility.WaitForPlaywrightAsync[T](Task`1 task, String operationDescription, CancellationToken cancellationToken)
   at PlayerAssistant.RpolAuthUtility.CreateAuthenticatedSessionAsync(CancellationToken cancellationToken)
   at PlayerAssistant.RpolAuthUtility.GetAuthenticatedContextAsync(CancellationToken cancellationToken)
   at PlayerAssistant.RpolAuthUtility.GetHtmlFromUrlAsync(Uri uri, CancellationToken cancellationToken)
   at PlayerAssistant.HtmlUtility.GetHtmlFromUrlAsync(Uri uri, CancellationToken cancellationToken)
   at PlayerAssistant.HtmlUtility.GetHyperlinksFromUrlAsync(Uri uri, CancellationToken cancellationToken)
   at PlayerAssistant.HtmlUtility.GetHyperlinksFromUrlAsync(String url, CancellationToken cancellationToken)
   at PlayerAssistant.Form1.LoadGameForumChapterPrefixesAsync()
[2026-06-30T14:58:53.6891972-05:00] keyword crawler
Microsoft.Playwright.PlaywrightException: Driver not found: C:\repos\player-assistant\.playwright\node\win32_x64\node.exe
   at Microsoft.Playwright.Helpers.Driver.GetExecutablePath() in /_/src/Playwright/Helpers/Driver.cs:line 96
   at Microsoft.Playwright.Transport.StdIOTransport.GetProcess(String driverArgs) in /_/src/Playwright/Transport/StdIOTransport.cs:line 109
   at Microsoft.Playwright.Transport.StdIOTransport..ctor() in /_/src/Playwright/Transport/StdIOTransport.cs:line 45
   at Microsoft.Playwright.Playwright.CreateAsync() in /_/src/Playwright/Playwright.cs:line 42
   at PlayerAssistant.RpolAuthUtility.WaitForPlaywrightAsync[T](Task`1 task, String operationDescription, CancellationToken cancellationToken)
   at PlayerAssistant.RpolAuthUtility.CreateAuthenticatedSessionAsync(CancellationToken cancellationToken)
   at PlayerAssistant.RpolAuthUtility.GetAuthenticatedContextAsync(CancellationToken cancellationToken)
   at PlayerAssistant.RpolAuthUtility.GetHtmlFromUrlAsync(Uri uri, CancellationToken cancellationToken)
   at PlayerAssistant.HtmlUtility.GetHtmlFromUrlAsync(Uri uri, CancellationToken cancellationToken)
   at PlayerAssistant.HtmlUtility.GetHyperlinksFromUrlAsync(Uri uri, CancellationToken cancellationToken)
   at PlayerAssistant.HtmlUtility.GetHyperlinksFromUrlAsync(String url, CancellationToken cancellationToken)
   at PlayerAssistant.KeywordIndexCrawler.DiscoverRpolUrlsAsync(CancellationToken cancellationToken)
   at PlayerAssistant.KeywordIndexCrawler.BuildIndexAsync(IProgress`1 progress, CancellationToken cancellationToken)
   at PlayerAssistant.Form1.<>c__DisplayClass108_0.<<StartKeywordIndexCrawler>b__0>d.MoveNext()
[2026-06-30T15:05:50.0182794-05:00] game forum startup
Microsoft.Playwright.PlaywrightException: Driver not found: C:\repos\player-assistant\.playwright\node\win32_x64\node.exe
   at Microsoft.Playwright.Helpers.Driver.GetExecutablePath() in /_/src/Playwright/Helpers/Driver.cs:line 96
   at Microsoft.Playwright.Transport.StdIOTransport.GetProcess(String driverArgs) in /_/src/Playwright/Transport/StdIOTransport.cs:line 109
   at Microsoft.Playwright.Transport.StdIOTransport..ctor() in /_/src/Playwright/Transport/StdIOTransport.cs:line 45
   at Microsoft.Playwright.Playwright.CreateAsync() in /_/src/Playwright/Playwright.cs:line 42
   at PlayerAssistant.RpolAuthUtility.WaitForPlaywrightAsync[T](Task`1 task, String operationDescription, CancellationToken cancellationToken)
   at PlayerAssistant.RpolAuthUtility.CreateAuthenticatedSessionAsync(CancellationToken cancellationToken)
   at PlayerAssistant.RpolAuthUtility.GetAuthenticatedContextAsync(CancellationToken cancellationToken)
   at PlayerAssistant.RpolAuthUtility.GetHtmlFromUrlAsync(Uri uri, CancellationToken cancellationToken)
   at PlayerAssistant.HtmlUtility.GetHtmlFromUrlAsync(Uri uri, CancellationToken cancellationToken)
   at PlayerAssistant.HtmlUtility.GetHyperlinksFromUrlAsync(Uri uri, CancellationToken cancellationToken)
   at PlayerAssistant.HtmlUtility.GetHyperlinksFromUrlAsync(String url, CancellationToken cancellationToken)
   at PlayerAssistant.Form1.LoadGameForumChapterPrefixesAsync()
[2026-06-30T15:05:50.1072796-05:00] keyword crawler
Microsoft.Playwright.PlaywrightException: Driver not found: C:\repos\player-assistant\.playwright\node\win32_x64\node.exe
   at Microsoft.Playwright.Helpers.Driver.GetExecutablePath() in /_/src/Playwright/Helpers/Driver.cs:line 96
   at Microsoft.Playwright.Transport.StdIOTransport.GetProcess(String driverArgs) in /_/src/Playwright/Transport/StdIOTransport.cs:line 109
   at Microsoft.Playwright.Transport.StdIOTransport..ctor() in /_/src/Playwright/Transport/StdIOTransport.cs:line 45
   at Microsoft.Playwright.Playwright.CreateAsync() in /_/src/Playwright/Playwright.cs:line 42
   at PlayerAssistant.RpolAuthUtility.WaitForPlaywrightAsync[T](Task`1 task, String operationDescription, CancellationToken cancellationToken)
   at PlayerAssistant.RpolAuthUtility.CreateAuthenticatedSessionAsync(CancellationToken cancellationToken)
   at PlayerAssistant.RpolAuthUtility.GetAuthenticatedContextAsync(CancellationToken cancellationToken)
   at PlayerAssistant.RpolAuthUtility.GetHtmlFromUrlAsync(Uri uri, CancellationToken cancellationToken)
   at PlayerAssistant.HtmlUtility.GetHtmlFromUrlAsync(Uri uri, CancellationToken cancellationToken)
   at PlayerAssistant.HtmlUtility.GetHyperlinksFromUrlAsync(Uri uri, CancellationToken cancellationToken)
   at PlayerAssistant.HtmlUtility.GetHyperlinksFromUrlAsync(String url, CancellationToken cancellationToken)
   at PlayerAssistant.KeywordIndexCrawler.DiscoverRpolUrlsAsync(CancellationToken cancellationToken)
   at PlayerAssistant.KeywordIndexCrawler.BuildIndexAsync(IProgress`1 progress, CancellationToken cancellationToken)
   at PlayerAssistant.Form1.<>c__DisplayClass108_0.<<StartKeywordIndexCrawler>b__0>d.MoveNext()
[2026-06-30T15:15:48.8164920-05:00] game forum startup
Microsoft.Playwright.PlaywrightException: Driver not found: C:\repos\player-assistant\.playwright\node\win32_x64\node.exe
   at Microsoft.Playwright.Helpers.Driver.GetExecutablePath() in /_/src/Playwright/Helpers/Driver.cs:line 96
   at Microsoft.Playwright.Transport.StdIOTransport.GetProcess(String driverArgs) in /_/src/Playwright/Transport/StdIOTransport.cs:line 109
   at Microsoft.Playwright.Transport.StdIOTransport..ctor() in /_/src/Playwright/Transport/StdIOTransport.cs:line 45
   at Microsoft.Playwright.Playwright.CreateAsync() in /_/src/Playwright/Playwright.cs:line 42
   at PlayerAssistant.RpolAuthUtility.WaitForPlaywrightAsync[T](Task`1 task, String operationDescription, CancellationToken cancellationToken)
   at PlayerAssistant.RpolAuthUtility.CreateAuthenticatedSessionAsync(CancellationToken cancellationToken)
   at PlayerAssistant.RpolAuthUtility.GetAuthenticatedContextAsync(CancellationToken cancellationToken)
   at PlayerAssistant.RpolAuthUtility.GetHtmlFromUrlAsync(Uri uri, CancellationToken cancellationToken)
   at PlayerAssistant.HtmlUtility.GetHtmlFromUrlAsync(Uri uri, CancellationToken cancellationToken)
   at PlayerAssistant.HtmlUtility.GetHyperlinksFromUrlAsync(Uri uri, CancellationToken cancellationToken)
   at PlayerAssistant.HtmlUtility.GetHyperlinksFromUrlAsync(String url, CancellationToken cancellationToken)
   at PlayerAssistant.Form1.LoadGameForumChapterPrefixesAsync()
[2026-06-30T15:15:48.9036220-05:00] keyword crawler
Microsoft.Playwright.PlaywrightException: Driver not found: C:\repos\player-assistant\.playwright\node\win32_x64\node.exe
   at Microsoft.Playwright.Helpers.Driver.GetExecutablePath() in /_/src/Playwright/Helpers/Driver.cs:line 96
   at Microsoft.Playwright.Transport.StdIOTransport.GetProcess(String driverArgs) in /_/src/Playwright/Transport/StdIOTransport.cs:line 109
   at Microsoft.Playwright.Transport.StdIOTransport..ctor() in /_/src/Playwright/Transport/StdIOTransport.cs:line 45
   at Microsoft.Playwright.Playwright.CreateAsync() in /_/src/Playwright/Playwright.cs:line 42
   at PlayerAssistant.RpolAuthUtility.WaitForPlaywrightAsync[T](Task`1 task, String operationDescription, CancellationToken cancellationToken)
   at PlayerAssistant.RpolAuthUtility.CreateAuthenticatedSessionAsync(CancellationToken cancellationToken)
   at PlayerAssistant.RpolAuthUtility.GetAuthenticatedContextAsync(CancellationToken cancellationToken)
   at PlayerAssistant.RpolAuthUtility.GetHtmlFromUrlAsync(Uri uri, CancellationToken cancellationToken)
   at PlayerAssistant.HtmlUtility.GetHtmlFromUrlAsync(Uri uri, CancellationToken cancellationToken)
   at PlayerAssistant.HtmlUtility.GetHyperlinksFromUrlAsync(Uri uri, CancellationToken cancellationToken)
   at PlayerAssistant.HtmlUtility.GetHyperlinksFromUrlAsync(String url, CancellationToken cancellationToken)
   at PlayerAssistant.KeywordIndexCrawler.DiscoverRpolUrlsAsync(CancellationToken cancellationToken)
   at PlayerAssistant.KeywordIndexCrawler.BuildIndexAsync(IProgress`1 progress, CancellationToken cancellationToken)
   at PlayerAssistant.Form1.<>c__DisplayClass108_0.<<StartKeywordIndexCrawler>b__0>d.MoveNext()
[2026-06-30T15:35:14.1184579-05:00] game forum startup
Microsoft.Playwright.PlaywrightException: Driver not found: C:\repos\player-assistant\.playwright\node\win32_x64\node.exe
   at Microsoft.Playwright.Helpers.Driver.GetExecutablePath() in /_/src/Playwright/Helpers/Driver.cs:line 96
   at Microsoft.Playwright.Transport.StdIOTransport.GetProcess(String driverArgs) in /_/src/Playwright/Transport/StdIOTransport.cs:line 109
   at Microsoft.Playwright.Transport.StdIOTransport..ctor() in /_/src/Playwright/Transport/StdIOTransport.cs:line 45
   at Microsoft.Playwright.Playwright.CreateAsync() in /_/src/Playwright/Playwright.cs:line 42
   at PlayerAssistant.RpolAuthUtility.WaitForPlaywrightAsync[T](Task`1 task, String operationDescription, CancellationToken cancellationToken)
   at PlayerAssistant.RpolAuthUtility.CreateAuthenticatedSessionAsync(CancellationToken cancellationToken)
   at PlayerAssistant.RpolAuthUtility.GetAuthenticatedContextAsync(CancellationToken cancellationToken)
   at PlayerAssistant.RpolAuthUtility.GetHtmlFromUrlAsync(Uri uri, CancellationToken cancellationToken)
   at PlayerAssistant.HtmlUtility.GetHtmlFromUrlAsync(Uri uri, CancellationToken cancellationToken)
   at PlayerAssistant.HtmlUtility.GetHyperlinksFromUrlAsync(Uri uri, CancellationToken cancellationToken)
   at PlayerAssistant.HtmlUtility.GetHyperlinksFromUrlAsync(String url, CancellationToken cancellationToken)
   at PlayerAssistant.Form1.LoadGameForumChapterPrefixesAsync()
[2026-06-30T15:35:14.2089514-05:00] keyword crawler
Microsoft.Playwright.PlaywrightException: Driver not found: C:\repos\player-assistant\.playwright\node\win32_x64\node.exe
   at Microsoft.Playwright.Helpers.Driver.GetExecutablePath() in /_/src/Playwright/Helpers/Driver.cs:line 96
   at Microsoft.Playwright.Transport.StdIOTransport.GetProcess(String driverArgs) in /_/src/Playwright/Transport/StdIOTransport.cs:line 109
   at Microsoft.Playwright.Transport.StdIOTransport..ctor() in /_/src/Playwright/Transport/StdIOTransport.cs:line 45
   at Microsoft.Playwright.Playwright.CreateAsync() in /_/src/Playwright/Playwright.cs:line 42
   at PlayerAssistant.RpolAuthUtility.WaitForPlaywrightAsync[T](Task`1 task, String operationDescription, CancellationToken cancellationToken)
   at PlayerAssistant.RpolAuthUtility.CreateAuthenticatedSessionAsync(CancellationToken cancellationToken)
   at PlayerAssistant.RpolAuthUtility.GetAuthenticatedContextAsync(CancellationToken cancellationToken)
   at PlayerAssistant.RpolAuthUtility.GetHtmlFromUrlAsync(Uri uri, CancellationToken cancellationToken)
   at PlayerAssistant.HtmlUtility.GetHtmlFromUrlAsync(Uri uri, CancellationToken cancellationToken)
   at PlayerAssistant.HtmlUtility.GetHyperlinksFromUrlAsync(Uri uri, CancellationToken cancellationToken)
   at PlayerAssistant.HtmlUtility.GetHyperlinksFromUrlAsync(String url, CancellationToken cancellationToken)
   at PlayerAssistant.KeywordIndexCrawler.DiscoverRpolUrlsAsync(CancellationToken cancellationToken)
   at PlayerAssistant.KeywordIndexCrawler.BuildIndexAsync(IProgress`1 progress, CancellationToken cancellationToken)
   at PlayerAssistant.Form1.<>c__DisplayClass108_0.<<StartKeywordIndexCrawler>b__0>d.MoveNext()
[2026-06-30T15:37:48.5794485-05:00] game forum startup
Microsoft.Playwright.PlaywrightException: Driver not found: C:\repos\player-assistant\.playwright\node\win32_x64\node.exe
   at Microsoft.Playwright.Helpers.Driver.GetExecutablePath() in /_/src/Playwright/Helpers/Driver.cs:line 96
   at Microsoft.Playwright.Transport.StdIOTransport.GetProcess(String driverArgs) in /_/src/Playwright/Transport/StdIOTransport.cs:line 109
   at Microsoft.Playwright.Transport.StdIOTransport..ctor() in /_/src/Playwright/Transport/StdIOTransport.cs:line 45
   at Microsoft.Playwright.Playwright.CreateAsync() in /_/src/Playwright/Playwright.cs:line 42
   at PlayerAssistant.RpolAuthUtility.WaitForPlaywrightAsync[T](Task`1 task, String operationDescription, CancellationToken cancellationToken)
   at PlayerAssistant.RpolAuthUtility.CreateAuthenticatedSessionAsync(CancellationToken cancellationToken)
   at PlayerAssistant.RpolAuthUtility.GetAuthenticatedContextAsync(CancellationToken cancellationToken)
   at PlayerAssistant.RpolAuthUtility.GetHtmlFromUrlAsync(Uri uri, CancellationToken cancellationToken)
   at PlayerAssistant.HtmlUtility.GetHtmlFromUrlAsync(Uri uri, CancellationToken cancellationToken)
   at PlayerAssistant.HtmlUtility.GetHyperlinksFromUrlAsync(Uri uri, CancellationToken cancellationToken)
   at PlayerAssistant.HtmlUtility.GetHyperlinksFromUrlAsync(String url, CancellationToken cancellationToken)
   at PlayerAssistant.Form1.LoadGameForumChapterPrefixesAsync()
[2026-06-30T15:37:48.6677949-05:00] keyword crawler
Microsoft.Playwright.PlaywrightException: Driver not found: C:\repos\player-assistant\.playwright\node\win32_x64\node.exe
   at Microsoft.Playwright.Helpers.Driver.GetExecutablePath() in /_/src/Playwright/Helpers/Driver.cs:line 96
   at Microsoft.Playwright.Transport.StdIOTransport.GetProcess(String driverArgs) in /_/src/Playwright/Transport/StdIOTransport.cs:line 109
   at Microsoft.Playwright.Transport.StdIOTransport..ctor() in /_/src/Playwright/Transport/StdIOTransport.cs:line 45
   at Microsoft.Playwright.Playwright.CreateAsync() in /_/src/Playwright/Playwright.cs:line 42
   at PlayerAssistant.RpolAuthUtility.WaitForPlaywrightAsync[T](Task`1 task, String operationDescription, CancellationToken cancellationToken)
   at PlayerAssistant.RpolAuthUtility.CreateAuthenticatedSessionAsync(CancellationToken cancellationToken)
   at PlayerAssistant.RpolAuthUtility.GetAuthenticatedContextAsync(CancellationToken cancellationToken)
   at PlayerAssistant.RpolAuthUtility.GetHtmlFromUrlAsync(Uri uri, CancellationToken cancellationToken)
   at PlayerAssistant.HtmlUtility.GetHtmlFromUrlAsync(Uri uri, CancellationToken cancellationToken)
   at PlayerAssistant.HtmlUtility.GetHyperlinksFromUrlAsync(Uri uri, CancellationToken cancellationToken)
   at PlayerAssistant.HtmlUtility.GetHyperlinksFromUrlAsync(String url, CancellationToken cancellationToken)
   at PlayerAssistant.KeywordIndexCrawler.DiscoverRpolUrlsAsync(CancellationToken cancellationToken)
   at PlayerAssistant.KeywordIndexCrawler.BuildIndexAsync(IProgress`1 progress, CancellationToken cancellationToken)
   at PlayerAssistant.Form1.<>c__DisplayClass108_0.<<StartKeywordIndexCrawler>b__0>d.MoveNext()
[2026-06-30T15:45:16.6715274-05:00] game forum startup
Microsoft.Playwright.PlaywrightException: Driver not found: C:\repos\player-assistant\.playwright\node\win32_x64\node.exe
   at Microsoft.Playwright.Helpers.Driver.GetExecutablePath() in /_/src/Playwright/Helpers/Driver.cs:line 96
   at Microsoft.Playwright.Transport.StdIOTransport.GetProcess(String driverArgs) in /_/src/Playwright/Transport/StdIOTransport.cs:line 109
   at Microsoft.Playwright.Transport.StdIOTransport..ctor() in /_/src/Playwright/Transport/StdIOTransport.cs:line 45
   at Microsoft.Playwright.Playwright.CreateAsync() in /_/src/Playwright/Playwright.cs:line 42
   at PlayerAssistant.RpolAuthUtility.WaitForPlaywrightAsync[T](Task`1 task, String operationDescription, CancellationToken cancellationToken)
   at PlayerAssistant.RpolAuthUtility.CreateAuthenticatedSessionAsync(CancellationToken cancellationToken)
   at PlayerAssistant.RpolAuthUtility.GetAuthenticatedContextAsync(CancellationToken cancellationToken)
   at PlayerAssistant.RpolAuthUtility.GetHtmlFromUrlAsync(Uri uri, CancellationToken cancellationToken)
   at PlayerAssistant.HtmlUtility.GetHtmlFromUrlAsync(Uri uri, CancellationToken cancellationToken)
   at PlayerAssistant.HtmlUtility.GetHyperlinksFromUrlAsync(Uri uri, CancellationToken cancellationToken)
   at PlayerAssistant.HtmlUtility.GetHyperlinksFromUrlAsync(String url, CancellationToken cancellationToken)
   at PlayerAssistant.Form1.LoadGameForumChapterPrefixesAsync()
[2026-06-30T15:45:16.7567091-05:00] keyword crawler
Microsoft.Playwright.PlaywrightException: Driver not found: C:\repos\player-assistant\.playwright\node\win32_x64\node.exe
   at Microsoft.Playwright.Helpers.Driver.GetExecutablePath() in /_/src/Playwright/Helpers/Driver.cs:line 96
   at Microsoft.Playwright.Transport.StdIOTransport.GetProcess(String driverArgs) in /_/src/Playwright/Transport/StdIOTransport.cs:line 109
   at Microsoft.Playwright.Transport.StdIOTransport..ctor() in /_/src/Playwright/Transport/StdIOTransport.cs:line 45
   at Microsoft.Playwright.Playwright.CreateAsync() in /_/src/Playwright/Playwright.cs:line 42
   at PlayerAssistant.RpolAuthUtility.WaitForPlaywrightAsync[T](Task`1 task, String operationDescription, CancellationToken cancellationToken)
   at PlayerAssistant.RpolAuthUtility.CreateAuthenticatedSessionAsync(CancellationToken cancellationToken)
   at PlayerAssistant.RpolAuthUtility.GetAuthenticatedContextAsync(CancellationToken cancellationToken)
   at PlayerAssistant.RpolAuthUtility.GetHtmlFromUrlAsync(Uri uri, CancellationToken cancellationToken)
   at PlayerAssistant.HtmlUtility.GetHtmlFromUrlAsync(Uri uri, CancellationToken cancellationToken)
   at PlayerAssistant.HtmlUtility.GetHyperlinksFromUrlAsync(Uri uri, CancellationToken cancellationToken)
   at PlayerAssistant.HtmlUtility.GetHyperlinksFromUrlAsync(String url, CancellationToken cancellationToken)
   at PlayerAssistant.KeywordIndexCrawler.DiscoverRpolUrlsAsync(CancellationToken cancellationToken)
   at PlayerAssistant.KeywordIndexCrawler.BuildIndexAsync(IProgress`1 progress, CancellationToken cancellationToken)
   at PlayerAssistant.Form1.<>c__DisplayClass108_0.<<StartKeywordIndexCrawler>b__0>d.MoveNext()
[2026-06-30T15:47:15.8638607-05:00] game forum startup
Microsoft.Playwright.PlaywrightException: Driver not found: C:\repos\player-assistant\.playwright\node\win32_x64\node.exe
   at Microsoft.Playwright.Helpers.Driver.GetExecutablePath() in /_/src/Playwright/Helpers/Driver.cs:line 96
   at Microsoft.Playwright.Transport.StdIOTransport.GetProcess(String driverArgs) in /_/src/Playwright/Transport/StdIOTransport.cs:line 109
   at Microsoft.Playwright.Transport.StdIOTransport..ctor() in /_/src/Playwright/Transport/StdIOTransport.cs:line 45
   at Microsoft.Playwright.Playwright.CreateAsync() in /_/src/Playwright/Playwright.cs:line 42
   at PlayerAssistant.RpolAuthUtility.WaitForPlaywrightAsync[T](Task`1 task, String operationDescription, CancellationToken cancellationToken)
   at PlayerAssistant.RpolAuthUtility.CreateAuthenticatedSessionAsync(CancellationToken cancellationToken)
   at PlayerAssistant.RpolAuthUtility.GetAuthenticatedContextAsync(CancellationToken cancellationToken)
   at PlayerAssistant.RpolAuthUtility.GetHtmlFromUrlAsync(Uri uri, CancellationToken cancellationToken)
   at PlayerAssistant.HtmlUtility.GetHtmlFromUrlAsync(Uri uri, CancellationToken cancellationToken)
   at PlayerAssistant.HtmlUtility.GetHyperlinksFromUrlAsync(Uri uri, CancellationToken cancellationToken)
   at PlayerAssistant.HtmlUtility.GetHyperlinksFromUrlAsync(String url, CancellationToken cancellationToken)
   at PlayerAssistant.Form1.LoadGameForumChapterPrefixesAsync()
[2026-06-30T15:47:15.9527921-05:00] keyword crawler
Microsoft.Playwright.PlaywrightException: Driver not found: C:\repos\player-assistant\.playwright\node\win32_x64\node.exe
   at Microsoft.Playwright.Helpers.Driver.GetExecutablePath() in /_/src/Playwright/Helpers/Driver.cs:line 96
   at Microsoft.Playwright.Transport.StdIOTransport.GetProcess(String driverArgs) in /_/src/Playwright/Transport/StdIOTransport.cs:line 109
   at Microsoft.Playwright.Transport.StdIOTransport..ctor() in /_/src/Playwright/Transport/StdIOTransport.cs:line 45
   at Microsoft.Playwright.Playwright.CreateAsync() in /_/src/Playwright/Playwright.cs:line 42
   at PlayerAssistant.RpolAuthUtility.WaitForPlaywrightAsync[T](Task`1 task, String operationDescription, CancellationToken cancellationToken)
   at PlayerAssistant.RpolAuthUtility.CreateAuthenticatedSessionAsync(CancellationToken cancellationToken)
   at PlayerAssistant.RpolAuthUtility.GetAuthenticatedContextAsync(CancellationToken cancellationToken)
   at PlayerAssistant.RpolAuthUtility.GetHtmlFromUrlAsync(Uri uri, CancellationToken cancellationToken)
   at PlayerAssistant.HtmlUtility.GetHtmlFromUrlAsync(Uri uri, CancellationToken cancellationToken)
   at PlayerAssistant.HtmlUtility.GetHyperlinksFromUrlAsync(Uri uri, CancellationToken cancellationToken)
   at PlayerAssistant.HtmlUtility.GetHyperlinksFromUrlAsync(String url, CancellationToken cancellationToken)
   at PlayerAssistant.KeywordIndexCrawler.DiscoverRpolUrlsAsync(CancellationToken cancellationToken)
   at PlayerAssistant.KeywordIndexCrawler.BuildIndexAsync(IProgress`1 progress, CancellationToken cancellationToken)
   at PlayerAssistant.Form1.<>c__DisplayClass108_0.<<StartKeywordIndexCrawler>b__0>d.MoveNext()
[2026-06-30T15:53:34.4003605-05:00] game forum startup
Microsoft.Playwright.PlaywrightException: Driver not found: C:\repos\player-assistant\.playwright\node\win32_x64\node.exe
   at Microsoft.Playwright.Helpers.Driver.GetExecutablePath() in /_/src/Playwright/Helpers/Driver.cs:line 96
   at Microsoft.Playwright.Transport.StdIOTransport.GetProcess(String driverArgs) in /_/src/Playwright/Transport/StdIOTransport.cs:line 109
   at Microsoft.Playwright.Transport.StdIOTransport..ctor() in /_/src/Playwright/Transport/StdIOTransport.cs:line 45
   at Microsoft.Playwright.Playwright.CreateAsync() in /_/src/Playwright/Playwright.cs:line 42
   at PlayerAssistant.RpolAuthUtility.WaitForPlaywrightAsync[T](Task`1 task, String operationDescription, CancellationToken cancellationToken)
   at PlayerAssistant.RpolAuthUtility.CreateAuthenticatedSessionAsync(CancellationToken cancellationToken)
   at PlayerAssistant.RpolAuthUtility.GetAuthenticatedContextAsync(CancellationToken cancellationToken)
   at PlayerAssistant.RpolAuthUtility.GetHtmlFromUrlAsync(Uri uri, CancellationToken cancellationToken)
   at PlayerAssistant.HtmlUtility.GetHtmlFromUrlAsync(Uri uri, CancellationToken cancellationToken)
   at PlayerAssistant.HtmlUtility.GetHyperlinksFromUrlAsync(Uri uri, CancellationToken cancellationToken)
   at PlayerAssistant.HtmlUtility.GetHyperlinksFromUrlAsync(String url, CancellationToken cancellationToken)
   at PlayerAssistant.Form1.LoadGameForumChapterPrefixesAsync()
[2026-06-30T15:53:34.4873464-05:00] keyword crawler
Microsoft.Playwright.PlaywrightException: Driver not found: C:\repos\player-assistant\.playwright\node\win32_x64\node.exe
   at Microsoft.Playwright.Helpers.Driver.GetExecutablePath() in /_/src/Playwright/Helpers/Driver.cs:line 96
   at Microsoft.Playwright.Transport.StdIOTransport.GetProcess(String driverArgs) in /_/src/Playwright/Transport/StdIOTransport.cs:line 109
   at Microsoft.Playwright.Transport.StdIOTransport..ctor() in /_/src/Playwright/Transport/StdIOTransport.cs:line 45
   at Microsoft.Playwright.Playwright.CreateAsync() in /_/src/Playwright/Playwright.cs:line 42
   at PlayerAssistant.RpolAuthUtility.WaitForPlaywrightAsync[T](Task`1 task, String operationDescription, CancellationToken cancellationToken)
   at PlayerAssistant.RpolAuthUtility.CreateAuthenticatedSessionAsync(CancellationToken cancellationToken)
   at PlayerAssistant.RpolAuthUtility.GetAuthenticatedContextAsync(CancellationToken cancellationToken)
   at PlayerAssistant.RpolAuthUtility.GetHtmlFromUrlAsync(Uri uri, CancellationToken cancellationToken)
   at PlayerAssistant.HtmlUtility.GetHtmlFromUrlAsync(Uri uri, CancellationToken cancellationToken)
   at PlayerAssistant.HtmlUtility.GetHyperlinksFromUrlAsync(Uri uri, CancellationToken cancellationToken)
   at PlayerAssistant.HtmlUtility.GetHyperlinksFromUrlAsync(String url, CancellationToken cancellationToken)
   at PlayerAssistant.KeywordIndexCrawler.DiscoverRpolUrlsAsync(CancellationToken cancellationToken)
   at PlayerAssistant.KeywordIndexCrawler.BuildIndexAsync(IProgress`1 progress, CancellationToken cancellationToken)
   at PlayerAssistant.Form1.<>c__DisplayClass108_0.<<StartKeywordIndexCrawler>b__0>d.MoveNext()
